[debug] [2026-05-27T10:48:54.218Z] ----------------------------------------------------------------------
[debug] [2026-05-27T10:48:54.219Z] Command:       C:\nvm4w\nodejs\node.exe C:\Users\inyom\AppData\Roaming\npm\node_modules\firebase-tools\lib\bin\firebase.js init
[debug] [2026-05-27T10:48:54.220Z] CLI Version:   15.18.0
[debug] [2026-05-27T10:48:54.220Z] Platform:      win32
[debug] [2026-05-27T10:48:54.220Z] Node Version:  v22.21.0
[debug] [2026-05-27T10:48:54.220Z] Time:          Wed May 27 2026 18:48:54 GMT+0800 (Central Indonesia Time)
[debug] [2026-05-27T10:48:54.220Z] ----------------------------------------------------------------------
[debug] 
[debug] [2026-05-27T10:48:54.221Z] >>> [apiv2][query] GET https://firebase-public.firebaseio.com/cli.json [none]
[info] 
     ######## #### ########  ######## ########     ###     ######  ########
     ##        ##  ##     ## ##       ##     ##  ##   ##  ##       ##
     ######    ##  ########  ######   ########  #########  ######  ######
     ##        ##  ##    ##  ##       ##     ## ##     ##       ## ##
     ##       #### ##     ## ######## ########  ##     ##  ######  ########

You're about to initialize a Firebase project in this directory:

  C:\BELAJAR SMK\JuaraVibeCodingProject\kontrakpintar-ai

Before we get started, keep in mind:

  * You are currently outside your home directory

[debug] [2026-05-27T10:49:16.441Z] <<< [apiv2][status] GET https://firebase-public.firebaseio.com/cli.json 200
[debug] [2026-05-27T10:49:16.441Z] <<< [apiv2][body] GET https://firebase-public.firebaseio.com/cli.json {"cloudBuildErrorAfter":1594252800000,"cloudBuildWarnAfter":1590019200000,"defaultNode10After":1594252800000,"minVersion":"3.0.5","node8DeploysDisabledAfter":1613390400000,"node8RuntimeDisabledAfter":1615809600000,"node8WarnAfter":1600128000000}
[info] 
=== Project Setup
[info] 
[info] First, let's associate this project directory with a Firebase project.
[info] You can create multiple project aliases by running firebase use --add, 
[info] 
[debug] [2026-05-27T11:40:45.860Z] > command requires scopes: ["email","openid","https://www.googleapis.com/auth/cloudplatformprojects.readonly","https://www.googleapis.com/auth/firebase","https://www.googleapis.com/auth/cloud-platform"]
[debug] [2026-05-27T11:40:45.860Z] > authorizing via signed-in user (komanganrasansya21@gmail.com)
[debug] [2026-05-27T11:40:45.861Z] Checked if tokens are valid: false, expires at: 1761234396035
[debug] [2026-05-27T11:40:45.861Z] Checked if tokens are valid: false, expires at: 1761234396035
[debug] [2026-05-27T11:40:45.861Z] > refreshing access token with scopes: []
[debug] [2026-05-27T11:40:45.864Z] >>> [apiv2][query] POST https://www.googleapis.com/oauth2/v3/token [none]
[debug] [2026-05-27T11:40:45.864Z] >>> [apiv2][body] POST https://www.googleapis.com/oauth2/v3/token [omitted]
[debug] [2026-05-27T11:40:46.014Z] <<< [apiv2][status] POST https://www.googleapis.com/oauth2/v3/token 400
[debug] [2026-05-27T11:40:46.014Z] <<< [apiv2][body] POST https://www.googleapis.com/oauth2/v3/token [omitted]
[debug] [2026-05-27T11:40:46.014Z] >>> [apiv2][query] GET https://firebase.googleapis.com/v1beta1/projects pageSize=100
[debug] [2026-05-27T11:40:46.463Z] <<< [apiv2][status] GET https://firebase.googleapis.com/v1beta1/projects 401
[debug] [2026-05-27T11:40:46.463Z] <<< [apiv2][body] GET https://firebase.googleapis.com/v1beta1/projects [omitted]
[debug] [2026-05-27T11:40:46.463Z] Got a 401 Unauthenticated error for a call that required authentication. Refreshing tokens.
[debug] [2026-05-27T11:40:46.463Z] Checked if tokens are valid: false, expires at: 1761234396035
[debug] [2026-05-27T11:40:46.463Z] Checked if tokens are valid: false, expires at: 1761234396035
[debug] [2026-05-27T11:40:46.463Z] > refreshing access token with scopes: []
[debug] [2026-05-27T11:40:46.464Z] >>> [apiv2][query] POST https://www.googleapis.com/oauth2/v3/token [none]
[debug] [2026-05-27T11:40:46.465Z] >>> [apiv2][body] POST https://www.googleapis.com/oauth2/v3/token [omitted]
[debug] [2026-05-27T11:40:46.514Z] <<< [apiv2][status] POST https://www.googleapis.com/oauth2/v3/token 400
[debug] [2026-05-27T11:40:46.514Z] <<< [apiv2][body] POST https://www.googleapis.com/oauth2/v3/token [omitted]
[debug] [2026-05-27T11:40:46.515Z] Request to https://firebase.googleapis.com/v1beta1/projects?pageSize=100 had HTTP Error: 401, Request had invalid authentication credentials. Expected OAuth 2 access token, login cookie or other valid authentication credential. See https://developers.google.com/identity/sign-in/web/devconsole-project.
[debug] [2026-05-27T11:40:46.697Z] FirebaseError: Request to https://firebase.googleapis.com/v1beta1/projects?pageSize=100 had HTTP Error: 401, Request had invalid authentication credentials. Expected OAuth 2 access token, login cookie or other valid authentication credential. See https://developers.google.com/identity/sign-in/web/devconsole-project.
    at responseToError (C:\Users\inyom\AppData\Roaming\npm\node_modules\firebase-tools\lib\responseToError.js:53:12)
    at RetryOperation._fn (C:\Users\inyom\AppData\Roaming\npm\node_modules\firebase-tools\lib\apiv2.js:333:77)
    at process.processTicksAndRejections (node:internal/process/task_queues:105:5)
[error] 
[error] Error: Failed to list Firebase projects. See firebase-debug.log for more info.
